Copyright 1986-2022 Xilinx, Inc. All Rights Reserved. Copyright 2022-2024 Advanced Micro Devices, Inc. All Rights Reserved.
---------------------------------------------------------------------------------------------------------------------------------------------
| Tool Version : Vivado v.2024.1 (win64) Build 5076996 Wed May 22 18:37:14 MDT 2024
| Date         : Thu Dec 19 09:12:31 2024
| Host         : DESKTOP-HTVV1N1 running 64-bit major release  (build 9200)
| Command      : report_drc -file design_2_wrapper_drc_opted.rpt -pb design_2_wrapper_drc_opted.pb -rpx design_2_wrapper_drc_opted.rpx
| Design       : design_2_wrapper
| Device       : xck26-sfvc784-2LV-c
| Speed File   : -2LV
| Design State : Synthesized
---------------------------------------------------------------------------------------------------------------------------------------------

Report DRC

Table of Contents
-----------------
1. REPORT SUMMARY
2. REPORT DETAILS

1. REPORT SUMMARY
-----------------
            Netlist: netlist
          Floorplan: design_1
      Design limits: <entire design considered>
           Ruledeck: default
             Max violations: <unlimited>
             Violations found: 144
+-----------+----------+--------------------------------------+------------+
| Rule      | Severity | Description                          | Violations |
+-----------+----------+--------------------------------------+------------+
| DPIP-2    | Warning  | Input pipelining                     | 72         |
| DPOP-3    | Warning  | PREG Output pipelining               | 30         |
| DPOP-4    | Warning  | MREG Output pipelining               | 36         |
| REQP-1934 | Warning  | RAMB18E2_nochange_collision_advisory | 2          |
| REQP-1935 | Warning  | RAMB36E2_nochange_collision_advisory | 4          |
+-----------+----------+--------------------------------------+------------+

2. REPORT DETAILS
-----------------
DPIP-2#1 Warning
Input pipelining  
DSP design_2_i/axis_ann_0/inst/ann_0/systolic_0/pe00/ab input design_2_i/axis_ann_0/inst/ann_0/systolic_0/pe00/ab/A[29:0] is not pipelined. Pipelining DSP48 input will improve performance.
Related violations: <none>

DPIP-2#2 Warning
Input pipelining  
DSP design_2_i/axis_ann_0/inst/ann_0/systolic_0/pe00/ab input design_2_i/axis_ann_0/inst/ann_0/systolic_0/pe00/ab/B[17:0] is not pipelined. Pipelining DSP48 input will improve performance.
Related violations: <none>

DPIP-2#3 Warning
Input pipelining  
DSP design_2_i/axis_ann_0/inst/ann_0/systolic_0/pe01/ab input design_2_i/axis_ann_0/inst/ann_0/systolic_0/pe01/ab/A[29:0] is not pipelined. Pipelining DSP48 input will improve performance.
Related violations: <none>

DPIP-2#4 Warning
Input pipelining  
DSP design_2_i/axis_ann_0/inst/ann_0/systolic_0/pe01/ab input design_2_i/axis_ann_0/inst/ann_0/systolic_0/pe01/ab/B[17:0] is not pipelined. Pipelining DSP48 input will improve performance.
Related violations: <none>

DPIP-2#5 Warning
Input pipelining  
DSP design_2_i/axis_ann_0/inst/ann_0/systolic_0/pe02/ab input design_2_i/axis_ann_0/inst/ann_0/systolic_0/pe02/ab/A[29:0] is not pipelined. Pipelining DSP48 input will improve performance.
Related violations: <none>

DPIP-2#6 Warning
Input pipelining  
DSP design_2_i/axis_ann_0/inst/ann_0/systolic_0/pe02/ab input design_2_i/axis_ann_0/inst/ann_0/systolic_0/pe02/ab/B[17:0] is not pipelined. Pipelining DSP48 input will improve performance.
Related violations: <none>

DPIP-2#7 Warning
Input pipelining  
DSP design_2_i/axis_ann_0/inst/ann_0/systolic_0/pe03/ab input design_2_i/axis_ann_0/inst/ann_0/systolic_0/pe03/ab/A[29:0] is not pipelined. Pipelining DSP48 input will improve performance.
Related violations: <none>

DPIP-2#8 Warning
Input pipelining  
DSP design_2_i/axis_ann_0/inst/ann_0/systolic_0/pe03/ab input design_2_i/axis_ann_0/inst/ann_0/systolic_0/pe03/ab/B[17:0] is not pipelined. Pipelining DSP48 input will improve performance.
Related violations: <none>

DPIP-2#9 Warning
Input pipelining  
DSP design_2_i/axis_ann_0/inst/ann_0/systolic_0/pe04/ab input design_2_i/axis_ann_0/inst/ann_0/systolic_0/pe04/ab/A[29:0] is not pipelined. Pipelining DSP48 input will improve performance.
Related violations: <none>

DPIP-2#10 Warning
Input pipelining  
DSP design_2_i/axis_ann_0/inst/ann_0/systolic_0/pe04/ab input design_2_i/axis_ann_0/inst/ann_0/systolic_0/pe04/ab/B[17:0] is not pipelined. Pipelining DSP48 input will improve performance.
Related violations: <none>

DPIP-2#11 Warning
Input pipelining  
DSP design_2_i/axis_ann_0/inst/ann_0/systolic_0/pe05/ab input design_2_i/axis_ann_0/inst/ann_0/systolic_0/pe05/ab/A[29:0] is not pipelined. Pipelining DSP48 input will improve performance.
Related violations: <none>

DPIP-2#12 Warning
Input pipelining  
DSP design_2_i/axis_ann_0/inst/ann_0/systolic_0/pe05/ab input design_2_i/axis_ann_0/inst/ann_0/systolic_0/pe05/ab/B[17:0] is not pipelined. Pipelining DSP48 input will improve performance.
Related violations: <none>

DPIP-2#13 Warning
Input pipelining  
DSP design_2_i/axis_ann_0/inst/ann_0/systolic_0/pe10/ab input design_2_i/axis_ann_0/inst/ann_0/systolic_0/pe10/ab/A[29:0] is not pipelined. Pipelining DSP48 input will improve performance.
Related violations: <none>

DPIP-2#14 Warning
Input pipelining  
DSP design_2_i/axis_ann_0/inst/ann_0/systolic_0/pe10/ab input design_2_i/axis_ann_0/inst/ann_0/systolic_0/pe10/ab/B[17:0] is not pipelined. Pipelining DSP48 input will improve performance.
Related violations: <none>

DPIP-2#15 Warning
Input pipelining  
DSP design_2_i/axis_ann_0/inst/ann_0/systolic_0/pe11/ab input design_2_i/axis_ann_0/inst/ann_0/systolic_0/pe11/ab/A[29:0] is not pipelined. Pipelining DSP48 input will improve performance.
Related violations: <none>

DPIP-2#16 Warning
Input pipelining  
DSP design_2_i/axis_ann_0/inst/ann_0/systolic_0/pe11/ab input design_2_i/axis_ann_0/inst/ann_0/systolic_0/pe11/ab/B[17:0] is not pipelined. Pipelining DSP48 input will improve performance.
Related violations: <none>

DPIP-2#17 Warning
Input pipelining  
DSP design_2_i/axis_ann_0/inst/ann_0/systolic_0/pe12/ab input design_2_i/axis_ann_0/inst/ann_0/systolic_0/pe12/ab/A[29:0] is not pipelined. Pipelining DSP48 input will improve performance.
Related violations: <none>

DPIP-2#18 Warning
Input pipelining  
DSP design_2_i/axis_ann_0/inst/ann_0/systolic_0/pe12/ab input design_2_i/axis_ann_0/inst/ann_0/systolic_0/pe12/ab/B[17:0] is not pipelined. Pipelining DSP48 input will improve performance.
Related violations: <none>

DPIP-2#19 Warning
Input pipelining  
DSP design_2_i/axis_ann_0/inst/ann_0/systolic_0/pe13/ab input design_2_i/axis_ann_0/inst/ann_0/systolic_0/pe13/ab/A[29:0] is not pipelined. Pipelining DSP48 input will improve performance.
Related violations: <none>

DPIP-2#20 Warning
Input pipelining  
DSP design_2_i/axis_ann_0/inst/ann_0/systolic_0/pe13/ab input design_2_i/axis_ann_0/inst/ann_0/systolic_0/pe13/ab/B[17:0] is not pipelined. Pipelining DSP48 input will improve performance.
Related violations: <none>

DPIP-2#21 Warning
Input pipelining  
DSP design_2_i/axis_ann_0/inst/ann_0/systolic_0/pe14/ab input design_2_i/axis_ann_0/inst/ann_0/systolic_0/pe14/ab/A[29:0] is not pipelined. Pipelining DSP48 input will improve performance.
Related violations: <none>

DPIP-2#22 Warning
Input pipelining  
DSP design_2_i/axis_ann_0/inst/ann_0/systolic_0/pe14/ab input design_2_i/axis_ann_0/inst/ann_0/systolic_0/pe14/ab/B[17:0] is not pipelined. Pipelining DSP48 input will improve performance.
Related violations: <none>

DPIP-2#23 Warning
Input pipelining  
DSP design_2_i/axis_ann_0/inst/ann_0/systolic_0/pe15/ab input design_2_i/axis_ann_0/inst/ann_0/systolic_0/pe15/ab/A[29:0] is not pipelined. Pipelining DSP48 input will improve performance.
Related violations: <none>

DPIP-2#24 Warning
Input pipelining  
DSP design_2_i/axis_ann_0/inst/ann_0/systolic_0/pe15/ab input design_2_i/axis_ann_0/inst/ann_0/systolic_0/pe15/ab/B[17:0] is not pipelined. Pipelining DSP48 input will improve performance.
Related violations: <none>

DPIP-2#25 Warning
Input pipelining  
DSP design_2_i/axis_ann_0/inst/ann_0/systolic_0/pe20/ab input design_2_i/axis_ann_0/inst/ann_0/systolic_0/pe20/ab/A[29:0] is not pipelined. Pipelining DSP48 input will improve performance.
Related violations: <none>

DPIP-2#26 Warning
Input pipelining  
DSP design_2_i/axis_ann_0/inst/ann_0/systolic_0/pe20/ab input design_2_i/axis_ann_0/inst/ann_0/systolic_0/pe20/ab/B[17:0] is not pipelined. Pipelining DSP48 input will improve performance.
Related violations: <none>

DPIP-2#27 Warning
Input pipelining  
DSP design_2_i/axis_ann_0/inst/ann_0/systolic_0/pe21/ab input design_2_i/axis_ann_0/inst/ann_0/systolic_0/pe21/ab/A[29:0] is not pipelined. Pipelining DSP48 input will improve performance.
Related violations: <none>

DPIP-2#28 Warning
Input pipelining  
DSP design_2_i/axis_ann_0/inst/ann_0/systolic_0/pe21/ab input design_2_i/axis_ann_0/inst/ann_0/systolic_0/pe21/ab/B[17:0] is not pipelined. Pipelining DSP48 input will improve performance.
Related violations: <none>

DPIP-2#29 Warning
Input pipelining  
DSP design_2_i/axis_ann_0/inst/ann_0/systolic_0/pe22/ab input design_2_i/axis_ann_0/inst/ann_0/systolic_0/pe22/ab/A[29:0] is not pipelined. Pipelining DSP48 input will improve performance.
Related violations: <none>

DPIP-2#30 Warning
Input pipelining  
DSP design_2_i/axis_ann_0/inst/ann_0/systolic_0/pe22/ab input design_2_i/axis_ann_0/inst/ann_0/systolic_0/pe22/ab/B[17:0] is not pipelined. Pipelining DSP48 input will improve performance.
Related violations: <none>

DPIP-2#31 Warning
Input pipelining  
DSP design_2_i/axis_ann_0/inst/ann_0/systolic_0/pe23/ab input design_2_i/axis_ann_0/inst/ann_0/systolic_0/pe23/ab/A[29:0] is not pipelined. Pipelining DSP48 input will improve performance.
Related violations: <none>

DPIP-2#32 Warning
Input pipelining  
DSP design_2_i/axis_ann_0/inst/ann_0/systolic_0/pe23/ab input design_2_i/axis_ann_0/inst/ann_0/systolic_0/pe23/ab/B[17:0] is not pipelined. Pipelining DSP48 input will improve performance.
Related violations: <none>

DPIP-2#33 Warning
Input pipelining  
DSP design_2_i/axis_ann_0/inst/ann_0/systolic_0/pe24/ab input design_2_i/axis_ann_0/inst/ann_0/systolic_0/pe24/ab/A[29:0] is not pipelined. Pipelining DSP48 input will improve performance.
Related violations: <none>

DPIP-2#34 Warning
Input pipelining  
DSP design_2_i/axis_ann_0/inst/ann_0/systolic_0/pe24/ab input design_2_i/axis_ann_0/inst/ann_0/systolic_0/pe24/ab/B[17:0] is not pipelined. Pipelining DSP48 input will improve performance.
Related violations: <none>

DPIP-2#35 Warning
Input pipelining  
DSP design_2_i/axis_ann_0/inst/ann_0/systolic_0/pe25/ab input design_2_i/axis_ann_0/inst/ann_0/systolic_0/pe25/ab/A[29:0] is not pipelined. Pipelining DSP48 input will improve performance.
Related violations: <none>

DPIP-2#36 Warning
Input pipelining  
DSP design_2_i/axis_ann_0/inst/ann_0/systolic_0/pe25/ab input design_2_i/axis_ann_0/inst/ann_0/systolic_0/pe25/ab/B[17:0] is not pipelined. Pipelining DSP48 input will improve performance.
Related violations: <none>

DPIP-2#37 Warning
Input pipelining  
DSP design_2_i/axis_ann_0/inst/ann_0/systolic_0/pe30/ab input design_2_i/axis_ann_0/inst/ann_0/systolic_0/pe30/ab/A[29:0] is not pipelined. Pipelining DSP48 input will improve performance.
Related violations: <none>

DPIP-2#38 Warning
Input pipelining  
DSP design_2_i/axis_ann_0/inst/ann_0/systolic_0/pe30/ab input design_2_i/axis_ann_0/inst/ann_0/systolic_0/pe30/ab/B[17:0] is not pipelined. Pipelining DSP48 input will improve performance.
Related violations: <none>

DPIP-2#39 Warning
Input pipelining  
DSP design_2_i/axis_ann_0/inst/ann_0/systolic_0/pe31/ab input design_2_i/axis_ann_0/inst/ann_0/systolic_0/pe31/ab/A[29:0] is not pipelined. Pipelining DSP48 input will improve performance.
Related violations: <none>

DPIP-2#40 Warning
Input pipelining  
DSP design_2_i/axis_ann_0/inst/ann_0/systolic_0/pe31/ab input design_2_i/axis_ann_0/inst/ann_0/systolic_0/pe31/ab/B[17:0] is not pipelined. Pipelining DSP48 input will improve performance.
Related violations: <none>

DPIP-2#41 Warning
Input pipelining  
DSP design_2_i/axis_ann_0/inst/ann_0/systolic_0/pe32/ab input design_2_i/axis_ann_0/inst/ann_0/systolic_0/pe32/ab/A[29:0] is not pipelined. Pipelining DSP48 input will improve performance.
Related violations: <none>

DPIP-2#42 Warning
Input pipelining  
DSP design_2_i/axis_ann_0/inst/ann_0/systolic_0/pe32/ab input design_2_i/axis_ann_0/inst/ann_0/systolic_0/pe32/ab/B[17:0] is not pipelined. Pipelining DSP48 input will improve performance.
Related violations: <none>

DPIP-2#43 Warning
Input pipelining  
DSP design_2_i/axis_ann_0/inst/ann_0/systolic_0/pe33/ab input design_2_i/axis_ann_0/inst/ann_0/systolic_0/pe33/ab/A[29:0] is not pipelined. Pipelining DSP48 input will improve performance.
Related violations: <none>

DPIP-2#44 Warning
Input pipelining  
DSP design_2_i/axis_ann_0/inst/ann_0/systolic_0/pe33/ab input design_2_i/axis_ann_0/inst/ann_0/systolic_0/pe33/ab/B[17:0] is not pipelined. Pipelining DSP48 input will improve performance.
Related violations: <none>

DPIP-2#45 Warning
Input pipelining  
DSP design_2_i/axis_ann_0/inst/ann_0/systolic_0/pe34/ab input design_2_i/axis_ann_0/inst/ann_0/systolic_0/pe34/ab/A[29:0] is not pipelined. Pipelining DSP48 input will improve performance.
Related violations: <none>

DPIP-2#46 Warning
Input pipelining  
DSP design_2_i/axis_ann_0/inst/ann_0/systolic_0/pe34/ab input design_2_i/axis_ann_0/inst/ann_0/systolic_0/pe34/ab/B[17:0] is not pipelined. Pipelining DSP48 input will improve performance.
Related violations: <none>

DPIP-2#47 Warning
Input pipelining  
DSP design_2_i/axis_ann_0/inst/ann_0/systolic_0/pe35/ab input design_2_i/axis_ann_0/inst/ann_0/systolic_0/pe35/ab/A[29:0] is not pipelined. Pipelining DSP48 input will improve performance.
Related violations: <none>

DPIP-2#48 Warning
Input pipelining  
DSP design_2_i/axis_ann_0/inst/ann_0/systolic_0/pe35/ab input design_2_i/axis_ann_0/inst/ann_0/systolic_0/pe35/ab/B[17:0] is not pipelined. Pipelining DSP48 input will improve performance.
Related violations: <none>

DPIP-2#49 Warning
Input pipelining  
DSP design_2_i/axis_ann_0/inst/ann_0/systolic_0/pe40/ab input design_2_i/axis_ann_0/inst/ann_0/systolic_0/pe40/ab/A[29:0] is not pipelined. Pipelining DSP48 input will improve performance.
Related violations: <none>

DPIP-2#50 Warning
Input pipelining  
DSP design_2_i/axis_ann_0/inst/ann_0/systolic_0/pe40/ab input design_2_i/axis_ann_0/inst/ann_0/systolic_0/pe40/ab/B[17:0] is not pipelined. Pipelining DSP48 input will improve performance.
Related violations: <none>

DPIP-2#51 Warning
Input pipelining  
DSP design_2_i/axis_ann_0/inst/ann_0/systolic_0/pe41/ab input design_2_i/axis_ann_0/inst/ann_0/systolic_0/pe41/ab/A[29:0] is not pipelined. Pipelining DSP48 input will improve performance.
Related violations: <none>

DPIP-2#52 Warning
Input pipelining  
DSP design_2_i/axis_ann_0/inst/ann_0/systolic_0/pe41/ab input design_2_i/axis_ann_0/inst/ann_0/systolic_0/pe41/ab/B[17:0] is not pipelined. Pipelining DSP48 input will improve performance.
Related violations: <none>

DPIP-2#53 Warning
Input pipelining  
DSP design_2_i/axis_ann_0/inst/ann_0/systolic_0/pe42/ab input design_2_i/axis_ann_0/inst/ann_0/systolic_0/pe42/ab/A[29:0] is not pipelined. Pipelining DSP48 input will improve performance.
Related violations: <none>

DPIP-2#54 Warning
Input pipelining  
DSP design_2_i/axis_ann_0/inst/ann_0/systolic_0/pe42/ab input design_2_i/axis_ann_0/inst/ann_0/systolic_0/pe42/ab/B[17:0] is not pipelined. Pipelining DSP48 input will improve performance.
Related violations: <none>

DPIP-2#55 Warning
Input pipelining  
DSP design_2_i/axis_ann_0/inst/ann_0/systolic_0/pe43/ab input design_2_i/axis_ann_0/inst/ann_0/systolic_0/pe43/ab/A[29:0] is not pipelined. Pipelining DSP48 input will improve performance.
Related violations: <none>

DPIP-2#56 Warning
Input pipelining  
DSP design_2_i/axis_ann_0/inst/ann_0/systolic_0/pe43/ab input design_2_i/axis_ann_0/inst/ann_0/systolic_0/pe43/ab/B[17:0] is not pipelined. Pipelining DSP48 input will improve performance.
Related violations: <none>

DPIP-2#57 Warning
Input pipelining  
DSP design_2_i/axis_ann_0/inst/ann_0/systolic_0/pe44/ab input design_2_i/axis_ann_0/inst/ann_0/systolic_0/pe44/ab/A[29:0] is not pipelined. Pipelining DSP48 input will improve performance.
Related violations: <none>

DPIP-2#58 Warning
Input pipelining  
DSP design_2_i/axis_ann_0/inst/ann_0/systolic_0/pe44/ab input design_2_i/axis_ann_0/inst/ann_0/systolic_0/pe44/ab/B[17:0] is not pipelined. Pipelining DSP48 input will improve performance.
Related violations: <none>

DPIP-2#59 Warning
Input pipelining  
DSP design_2_i/axis_ann_0/inst/ann_0/systolic_0/pe45/ab input design_2_i/axis_ann_0/inst/ann_0/systolic_0/pe45/ab/A[29:0] is not pipelined. Pipelining DSP48 input will improve performance.
Related violations: <none>

DPIP-2#60 Warning
Input pipelining  
DSP design_2_i/axis_ann_0/inst/ann_0/systolic_0/pe45/ab input design_2_i/axis_ann_0/inst/ann_0/systolic_0/pe45/ab/B[17:0] is not pipelined. Pipelining DSP48 input will improve performance.
Related violations: <none>

DPIP-2#61 Warning
Input pipelining  
DSP design_2_i/axis_ann_0/inst/ann_0/systolic_0/pe50/ab input design_2_i/axis_ann_0/inst/ann_0/systolic_0/pe50/ab/A[29:0] is not pipelined. Pipelining DSP48 input will improve performance.
Related violations: <none>

DPIP-2#62 Warning
Input pipelining  
DSP design_2_i/axis_ann_0/inst/ann_0/systolic_0/pe50/ab input design_2_i/axis_ann_0/inst/ann_0/systolic_0/pe50/ab/B[17:0] is not pipelined. Pipelining DSP48 input will improve performance.
Related violations: <none>

DPIP-2#63 Warning
Input pipelining  
DSP design_2_i/axis_ann_0/inst/ann_0/systolic_0/pe51/ab input design_2_i/axis_ann_0/inst/ann_0/systolic_0/pe51/ab/A[29:0] is not pipelined. Pipelining DSP48 input will improve performance.
Related violations: <none>

DPIP-2#64 Warning
Input pipelining  
DSP design_2_i/axis_ann_0/inst/ann_0/systolic_0/pe51/ab input design_2_i/axis_ann_0/inst/ann_0/systolic_0/pe51/ab/B[17:0] is not pipelined. Pipelining DSP48 input will improve performance.
Related violations: <none>

DPIP-2#65 Warning
Input pipelining  
DSP design_2_i/axis_ann_0/inst/ann_0/systolic_0/pe52/ab input design_2_i/axis_ann_0/inst/ann_0/systolic_0/pe52/ab/A[29:0] is not pipelined. Pipelining DSP48 input will improve performance.
Related violations: <none>

DPIP-2#66 Warning
Input pipelining  
DSP design_2_i/axis_ann_0/inst/ann_0/systolic_0/pe52/ab input design_2_i/axis_ann_0/inst/ann_0/systolic_0/pe52/ab/B[17:0] is not pipelined. Pipelining DSP48 input will improve performance.
Related violations: <none>

DPIP-2#67 Warning
Input pipelining  
DSP design_2_i/axis_ann_0/inst/ann_0/systolic_0/pe53/ab input design_2_i/axis_ann_0/inst/ann_0/systolic_0/pe53/ab/A[29:0] is not pipelined. Pipelining DSP48 input will improve performance.
Related violations: <none>

DPIP-2#68 Warning
Input pipelining  
DSP design_2_i/axis_ann_0/inst/ann_0/systolic_0/pe53/ab input design_2_i/axis_ann_0/inst/ann_0/systolic_0/pe53/ab/B[17:0] is not pipelined. Pipelining DSP48 input will improve performance.
Related violations: <none>

DPIP-2#69 Warning
Input pipelining  
DSP design_2_i/axis_ann_0/inst/ann_0/systolic_0/pe54/ab input design_2_i/axis_ann_0/inst/ann_0/systolic_0/pe54/ab/A[29:0] is not pipelined. Pipelining DSP48 input will improve performance.
Related violations: <none>

DPIP-2#70 Warning
Input pipelining  
DSP design_2_i/axis_ann_0/inst/ann_0/systolic_0/pe54/ab input design_2_i/axis_ann_0/inst/ann_0/systolic_0/pe54/ab/B[17:0] is not pipelined. Pipelining DSP48 input will improve performance.
Related violations: <none>

DPIP-2#71 Warning
Input pipelining  
DSP design_2_i/axis_ann_0/inst/ann_0/systolic_0/pe55/ab input design_2_i/axis_ann_0/inst/ann_0/systolic_0/pe55/ab/A[29:0] is not pipelined. Pipelining DSP48 input will improve performance.
Related violations: <none>

DPIP-2#72 Warning
Input pipelining  
DSP design_2_i/axis_ann_0/inst/ann_0/systolic_0/pe55/ab input design_2_i/axis_ann_0/inst/ann_0/systolic_0/pe55/ab/B[17:0] is not pipelined. Pipelining DSP48 input will improve performance.
Related violations: <none>

DPOP-3#1 Warning
PREG Output pipelining  
DSP design_2_i/axis_ann_0/inst/ann_0/systolic_0/pe10/ab output design_2_i/axis_ann_0/inst/ann_0/systolic_0/pe10/ab/P[47:0] is not pipelined (PREG=0). Pipelining the DSP48 output will improve performance and often saves power so it is suggested whenever possible to fully pipeline this function.  If this DSP48 function was inferred, it is suggested to describe an additional register stage after this function.  If the DSP48 was instantiated in the design, it is suggested to set the PREG attribute to 1.
Related violations: <none>

DPOP-3#2 Warning
PREG Output pipelining  
DSP design_2_i/axis_ann_0/inst/ann_0/systolic_0/pe11/ab output design_2_i/axis_ann_0/inst/ann_0/systolic_0/pe11/ab/P[47:0] is not pipelined (PREG=0). Pipelining the DSP48 output will improve performance and often saves power so it is suggested whenever possible to fully pipeline this function.  If this DSP48 function was inferred, it is suggested to describe an additional register stage after this function.  If the DSP48 was instantiated in the design, it is suggested to set the PREG attribute to 1.
Related violations: <none>

DPOP-3#3 Warning
PREG Output pipelining  
DSP design_2_i/axis_ann_0/inst/ann_0/systolic_0/pe12/ab output design_2_i/axis_ann_0/inst/ann_0/systolic_0/pe12/ab/P[47:0] is not pipelined (PREG=0). Pipelining the DSP48 output will improve performance and often saves power so it is suggested whenever possible to fully pipeline this function.  If this DSP48 function was inferred, it is suggested to describe an additional register stage after this function.  If the DSP48 was instantiated in the design, it is suggested to set the PREG attribute to 1.
Related violations: <none>

DPOP-3#4 Warning
PREG Output pipelining  
DSP design_2_i/axis_ann_0/inst/ann_0/systolic_0/pe13/ab output design_2_i/axis_ann_0/inst/ann_0/systolic_0/pe13/ab/P[47:0] is not pipelined (PREG=0). Pipelining the DSP48 output will improve performance and often saves power so it is suggested whenever possible to fully pipeline this function.  If this DSP48 function was inferred, it is suggested to describe an additional register stage after this function.  If the DSP48 was instantiated in the design, it is suggested to set the PREG attribute to 1.
Related violations: <none>

DPOP-3#5 Warning
PREG Output pipelining  
DSP design_2_i/axis_ann_0/inst/ann_0/systolic_0/pe14/ab output design_2_i/axis_ann_0/inst/ann_0/systolic_0/pe14/ab/P[47:0] is not pipelined (PREG=0). Pipelining the DSP48 output will improve performance and often saves power so it is suggested whenever possible to fully pipeline this function.  If this DSP48 function was inferred, it is suggested to describe an additional register stage after this function.  If the DSP48 was instantiated in the design, it is suggested to set the PREG attribute to 1.
Related violations: <none>

DPOP-3#6 Warning
PREG Output pipelining  
DSP design_2_i/axis_ann_0/inst/ann_0/systolic_0/pe15/ab output design_2_i/axis_ann_0/inst/ann_0/systolic_0/pe15/ab/P[47:0] is not pipelined (PREG=0). Pipelining the DSP48 output will improve performance and often saves power so it is suggested whenever possible to fully pipeline this function.  If this DSP48 function was inferred, it is suggested to describe an additional register stage after this function.  If the DSP48 was instantiated in the design, it is suggested to set the PREG attribute to 1.
Related violations: <none>

DPOP-3#7 Warning
PREG Output pipelining  
DSP design_2_i/axis_ann_0/inst/ann_0/systolic_0/pe20/ab output design_2_i/axis_ann_0/inst/ann_0/systolic_0/pe20/ab/P[47:0] is not pipelined (PREG=0). Pipelining the DSP48 output will improve performance and often saves power so it is suggested whenever possible to fully pipeline this function.  If this DSP48 function was inferred, it is suggested to describe an additional register stage after this function.  If the DSP48 was instantiated in the design, it is suggested to set the PREG attribute to 1.
Related violations: <none>

DPOP-3#8 Warning
PREG Output pipelining  
DSP design_2_i/axis_ann_0/inst/ann_0/systolic_0/pe21/ab output design_2_i/axis_ann_0/inst/ann_0/systolic_0/pe21/ab/P[47:0] is not pipelined (PREG=0). Pipelining the DSP48 output will improve performance and often saves power so it is suggested whenever possible to fully pipeline this function.  If this DSP48 function was inferred, it is suggested to describe an additional register stage after this function.  If the DSP48 was instantiated in the design, it is suggested to set the PREG attribute to 1.
Related violations: <none>

DPOP-3#9 Warning
PREG Output pipelining  
DSP design_2_i/axis_ann_0/inst/ann_0/systolic_0/pe22/ab output design_2_i/axis_ann_0/inst/ann_0/systolic_0/pe22/ab/P[47:0] is not pipelined (PREG=0). Pipelining the DSP48 output will improve performance and often saves power so it is suggested whenever possible to fully pipeline this function.  If this DSP48 function was inferred, it is suggested to describe an additional register stage after this function.  If the DSP48 was instantiated in the design, it is suggested to set the PREG attribute to 1.
Related violations: <none>

DPOP-3#10 Warning
PREG Output pipelining  
DSP design_2_i/axis_ann_0/inst/ann_0/systolic_0/pe23/ab output design_2_i/axis_ann_0/inst/ann_0/systolic_0/pe23/ab/P[47:0] is not pipelined (PREG=0). Pipelining the DSP48 output will improve performance and often saves power so it is suggested whenever possible to fully pipeline this function.  If this DSP48 function was inferred, it is suggested to describe an additional register stage after this function.  If the DSP48 was instantiated in the design, it is suggested to set the PREG attribute to 1.
Related violations: <none>

DPOP-3#11 Warning
PREG Output pipelining  
DSP design_2_i/axis_ann_0/inst/ann_0/systolic_0/pe24/ab output design_2_i/axis_ann_0/inst/ann_0/systolic_0/pe24/ab/P[47:0] is not pipelined (PREG=0). Pipelining the DSP48 output will improve performance and often saves power so it is suggested whenever possible to fully pipeline this function.  If this DSP48 function was inferred, it is suggested to describe an additional register stage after this function.  If the DSP48 was instantiated in the design, it is suggested to set the PREG attribute to 1.
Related violations: <none>

DPOP-3#12 Warning
PREG Output pipelining  
DSP design_2_i/axis_ann_0/inst/ann_0/systolic_0/pe25/ab output design_2_i/axis_ann_0/inst/ann_0/systolic_0/pe25/ab/P[47:0] is not pipelined (PREG=0). Pipelining the DSP48 output will improve performance and often saves power so it is suggested whenever possible to fully pipeline this function.  If this DSP48 function was inferred, it is suggested to describe an additional register stage after this function.  If the DSP48 was instantiated in the design, it is suggested to set the PREG attribute to 1.
Related violations: <none>

DPOP-3#13 Warning
PREG Output pipelining  
DSP design_2_i/axis_ann_0/inst/ann_0/systolic_0/pe30/ab output design_2_i/axis_ann_0/inst/ann_0/systolic_0/pe30/ab/P[47:0] is not pipelined (PREG=0). Pipelining the DSP48 output will improve performance and often saves power so it is suggested whenever possible to fully pipeline this function.  If this DSP48 function was inferred, it is suggested to describe an additional register stage after this function.  If the DSP48 was instantiated in the design, it is suggested to set the PREG attribute to 1.
Related violations: <none>

DPOP-3#14 Warning
PREG Output pipelining  
DSP design_2_i/axis_ann_0/inst/ann_0/systolic_0/pe31/ab output design_2_i/axis_ann_0/inst/ann_0/systolic_0/pe31/ab/P[47:0] is not pipelined (PREG=0). Pipelining the DSP48 output will improve performance and often saves power so it is suggested whenever possible to fully pipeline this function.  If this DSP48 function was inferred, it is suggested to describe an additional register stage after this function.  If the DSP48 was instantiated in the design, it is suggested to set the PREG attribute to 1.
Related violations: <none>

DPOP-3#15 Warning
PREG Output pipelining  
DSP design_2_i/axis_ann_0/inst/ann_0/systolic_0/pe32/ab output design_2_i/axis_ann_0/inst/ann_0/systolic_0/pe32/ab/P[47:0] is not pipelined (PREG=0). Pipelining the DSP48 output will improve performance and often saves power so it is suggested whenever possible to fully pipeline this function.  If this DSP48 function was inferred, it is suggested to describe an additional register stage after this function.  If the DSP48 was instantiated in the design, it is suggested to set the PREG attribute to 1.
Related violations: <none>

DPOP-3#16 Warning
PREG Output pipelining  
DSP design_2_i/axis_ann_0/inst/ann_0/systolic_0/pe33/ab output design_2_i/axis_ann_0/inst/ann_0/systolic_0/pe33/ab/P[47:0] is not pipelined (PREG=0). Pipelining the DSP48 output will improve performance and often saves power so it is suggested whenever possible to fully pipeline this function.  If this DSP48 function was inferred, it is suggested to describe an additional register stage after this function.  If the DSP48 was instantiated in the design, it is suggested to set the PREG attribute to 1.
Related violations: <none>

DPOP-3#17 Warning
PREG Output pipelining  
DSP design_2_i/axis_ann_0/inst/ann_0/systolic_0/pe34/ab output design_2_i/axis_ann_0/inst/ann_0/systolic_0/pe34/ab/P[47:0] is not pipelined (PREG=0). Pipelining the DSP48 output will improve performance and often saves power so it is suggested whenever possible to fully pipeline this function.  If this DSP48 function was inferred, it is suggested to describe an additional register stage after this function.  If the DSP48 was instantiated in the design, it is suggested to set the PREG attribute to 1.
Related violations: <none>

DPOP-3#18 Warning
PREG Output pipelining  
DSP design_2_i/axis_ann_0/inst/ann_0/systolic_0/pe35/ab output design_2_i/axis_ann_0/inst/ann_0/systolic_0/pe35/ab/P[47:0] is not pipelined (PREG=0). Pipelining the DSP48 output will improve performance and often saves power so it is suggested whenever possible to fully pipeline this function.  If this DSP48 function was inferred, it is suggested to describe an additional register stage after this function.  If the DSP48 was instantiated in the design, it is suggested to set the PREG attribute to 1.
Related violations: <none>

DPOP-3#19 Warning
PREG Output pipelining  
DSP design_2_i/axis_ann_0/inst/ann_0/systolic_0/pe40/ab output design_2_i/axis_ann_0/inst/ann_0/systolic_0/pe40/ab/P[47:0] is not pipelined (PREG=0). Pipelining the DSP48 output will improve performance and often saves power so it is suggested whenever possible to fully pipeline this function.  If this DSP48 function was inferred, it is suggested to describe an additional register stage after this function.  If the DSP48 was instantiated in the design, it is suggested to set the PREG attribute to 1.
Related violations: <none>

DPOP-3#20 Warning
PREG Output pipelining  
DSP design_2_i/axis_ann_0/inst/ann_0/systolic_0/pe41/ab output design_2_i/axis_ann_0/inst/ann_0/systolic_0/pe41/ab/P[47:0] is not pipelined (PREG=0). Pipelining the DSP48 output will improve performance and often saves power so it is suggested whenever possible to fully pipeline this function.  If this DSP48 function was inferred, it is suggested to describe an additional register stage after this function.  If the DSP48 was instantiated in the design, it is suggested to set the PREG attribute to 1.
Related violations: <none>

DPOP-3#21 Warning
PREG Output pipelining  
DSP design_2_i/axis_ann_0/inst/ann_0/systolic_0/pe42/ab output design_2_i/axis_ann_0/inst/ann_0/systolic_0/pe42/ab/P[47:0] is not pipelined (PREG=0). Pipelining the DSP48 output will improve performance and often saves power so it is suggested whenever possible to fully pipeline this function.  If this DSP48 function was inferred, it is suggested to describe an additional register stage after this function.  If the DSP48 was instantiated in the design, it is suggested to set the PREG attribute to 1.
Related violations: <none>

DPOP-3#22 Warning
PREG Output pipelining  
DSP design_2_i/axis_ann_0/inst/ann_0/systolic_0/pe43/ab output design_2_i/axis_ann_0/inst/ann_0/systolic_0/pe43/ab/P[47:0] is not pipelined (PREG=0). Pipelining the DSP48 output will improve performance and often saves power so it is suggested whenever possible to fully pipeline this function.  If this DSP48 function was inferred, it is suggested to describe an additional register stage after this function.  If the DSP48 was instantiated in the design, it is suggested to set the PREG attribute to 1.
Related violations: <none>

DPOP-3#23 Warning
PREG Output pipelining  
DSP design_2_i/axis_ann_0/inst/ann_0/systolic_0/pe44/ab output design_2_i/axis_ann_0/inst/ann_0/systolic_0/pe44/ab/P[47:0] is not pipelined (PREG=0). Pipelining the DSP48 output will improve performance and often saves power so it is suggested whenever possible to fully pipeline this function.  If this DSP48 function was inferred, it is suggested to describe an additional register stage after this function.  If the DSP48 was instantiated in the design, it is suggested to set the PREG attribute to 1.
Related violations: <none>

DPOP-3#24 Warning
PREG Output pipelining  
DSP design_2_i/axis_ann_0/inst/ann_0/systolic_0/pe45/ab output design_2_i/axis_ann_0/inst/ann_0/systolic_0/pe45/ab/P[47:0] is not pipelined (PREG=0). Pipelining the DSP48 output will improve performance and often saves power so it is suggested whenever possible to fully pipeline this function.  If this DSP48 function was inferred, it is suggested to describe an additional register stage after this function.  If the DSP48 was instantiated in the design, it is suggested to set the PREG attribute to 1.
Related violations: <none>

DPOP-3#25 Warning
PREG Output pipelining  
DSP design_2_i/axis_ann_0/inst/ann_0/systolic_0/pe50/ab output design_2_i/axis_ann_0/inst/ann_0/systolic_0/pe50/ab/P[47:0] is not pipelined (PREG=0). Pipelining the DSP48 output will improve performance and often saves power so it is suggested whenever possible to fully pipeline this function.  If this DSP48 function was inferred, it is suggested to describe an additional register stage after this function.  If the DSP48 was instantiated in the design, it is suggested to set the PREG attribute to 1.
Related violations: <none>

DPOP-3#26 Warning
PREG Output pipelining  
DSP design_2_i/axis_ann_0/inst/ann_0/systolic_0/pe51/ab output design_2_i/axis_ann_0/inst/ann_0/systolic_0/pe51/ab/P[47:0] is not pipelined (PREG=0). Pipelining the DSP48 output will improve performance and often saves power so it is suggested whenever possible to fully pipeline this function.  If this DSP48 function was inferred, it is suggested to describe an additional register stage after this function.  If the DSP48 was instantiated in the design, it is suggested to set the PREG attribute to 1.
Related violations: <none>

DPOP-3#27 Warning
PREG Output pipelining  
DSP design_2_i/axis_ann_0/inst/ann_0/systolic_0/pe52/ab output design_2_i/axis_ann_0/inst/ann_0/systolic_0/pe52/ab/P[47:0] is not pipelined (PREG=0). Pipelining the DSP48 output will improve performance and often saves power so it is suggested whenever possible to fully pipeline this function.  If this DSP48 function was inferred, it is suggested to describe an additional register stage after this function.  If the DSP48 was instantiated in the design, it is suggested to set the PREG attribute to 1.
Related violations: <none>

DPOP-3#28 Warning
PREG Output pipelining  
DSP design_2_i/axis_ann_0/inst/ann_0/systolic_0/pe53/ab output design_2_i/axis_ann_0/inst/ann_0/systolic_0/pe53/ab/P[47:0] is not pipelined (PREG=0). Pipelining the DSP48 output will improve performance and often saves power so it is suggested whenever possible to fully pipeline this function.  If this DSP48 function was inferred, it is suggested to describe an additional register stage after this function.  If the DSP48 was instantiated in the design, it is suggested to set the PREG attribute to 1.
Related violations: <none>

DPOP-3#29 Warning
PREG Output pipelining  
DSP design_2_i/axis_ann_0/inst/ann_0/systolic_0/pe54/ab output design_2_i/axis_ann_0/inst/ann_0/systolic_0/pe54/ab/P[47:0] is not pipelined (PREG=0). Pipelining the DSP48 output will improve performance and often saves power so it is suggested whenever possible to fully pipeline this function.  If this DSP48 function was inferred, it is suggested to describe an additional register stage after this function.  If the DSP48 was instantiated in the design, it is suggested to set the PREG attribute to 1.
Related violations: <none>

DPOP-3#30 Warning
PREG Output pipelining  
DSP design_2_i/axis_ann_0/inst/ann_0/systolic_0/pe55/ab output design_2_i/axis_ann_0/inst/ann_0/systolic_0/pe55/ab/P[47:0] is not pipelined (PREG=0). Pipelining the DSP48 output will improve performance and often saves power so it is suggested whenever possible to fully pipeline this function.  If this DSP48 function was inferred, it is suggested to describe an additional register stage after this function.  If the DSP48 was instantiated in the design, it is suggested to set the PREG attribute to 1.
Related violations: <none>

DPOP-4#1 Warning
MREG Output pipelining  
DSP design_2_i/axis_ann_0/inst/ann_0/systolic_0/pe00/ab multiplier stage design_2_i/axis_ann_0/inst/ann_0/systolic_0/pe00/ab/P[47:0] is not pipelined (MREG=0). Pipelining the multiplier function will improve performance and will save significant power so it is suggested whenever possible to fully pipeline this function.  If this multiplier was inferred, it is suggested to describe an additional register stage after this function.  If there is no registered adder/accumulator following the multiply function, two pipeline stages are suggested to allow both the MREG and PREG registers to be used.  If the DSP48 was instantiated in the design, it is suggested to set both the MREG and PREG attributes to 1 when performing multiply functions.
Related violations: <none>

DPOP-4#2 Warning
MREG Output pipelining  
DSP design_2_i/axis_ann_0/inst/ann_0/systolic_0/pe01/ab multiplier stage design_2_i/axis_ann_0/inst/ann_0/systolic_0/pe01/ab/P[47:0] is not pipelined (MREG=0). Pipelining the multiplier function will improve performance and will save significant power so it is suggested whenever possible to fully pipeline this function.  If this multiplier was inferred, it is suggested to describe an additional register stage after this function.  If there is no registered adder/accumulator following the multiply function, two pipeline stages are suggested to allow both the MREG and PREG registers to be used.  If the DSP48 was instantiated in the design, it is suggested to set both the MREG and PREG attributes to 1 when performing multiply functions.
Related violations: <none>

DPOP-4#3 Warning
MREG Output pipelining  
DSP design_2_i/axis_ann_0/inst/ann_0/systolic_0/pe02/ab multiplier stage design_2_i/axis_ann_0/inst/ann_0/systolic_0/pe02/ab/P[47:0] is not pipelined (MREG=0). Pipelining the multiplier function will improve performance and will save significant power so it is suggested whenever possible to fully pipeline this function.  If this multiplier was inferred, it is suggested to describe an additional register stage after this function.  If there is no registered adder/accumulator following the multiply function, two pipeline stages are suggested to allow both the MREG and PREG registers to be used.  If the DSP48 was instantiated in the design, it is suggested to set both the MREG and PREG attributes to 1 when performing multiply functions.
Related violations: <none>

DPOP-4#4 Warning
MREG Output pipelining  
DSP design_2_i/axis_ann_0/inst/ann_0/systolic_0/pe03/ab multiplier stage design_2_i/axis_ann_0/inst/ann_0/systolic_0/pe03/ab/P[47:0] is not pipelined (MREG=0). Pipelining the multiplier function will improve performance and will save significant power so it is suggested whenever possible to fully pipeline this function.  If this multiplier was inferred, it is suggested to describe an additional register stage after this function.  If there is no registered adder/accumulator following the multiply function, two pipeline stages are suggested to allow both the MREG and PREG registers to be used.  If the DSP48 was instantiated in the design, it is suggested to set both the MREG and PREG attributes to 1 when performing multiply functions.
Related violations: <none>

DPOP-4#5 Warning
MREG Output pipelining  
DSP design_2_i/axis_ann_0/inst/ann_0/systolic_0/pe04/ab multiplier stage design_2_i/axis_ann_0/inst/ann_0/systolic_0/pe04/ab/P[47:0] is not pipelined (MREG=0). Pipelining the multiplier function will improve performance and will save significant power so it is suggested whenever possible to fully pipeline this function.  If this multiplier was inferred, it is suggested to describe an additional register stage after this function.  If there is no registered adder/accumulator following the multiply function, two pipeline stages are suggested to allow both the MREG and PREG registers to be used.  If the DSP48 was instantiated in the design, it is suggested to set both the MREG and PREG attributes to 1 when performing multiply functions.
Related violations: <none>

DPOP-4#6 Warning
MREG Output pipelining  
DSP design_2_i/axis_ann_0/inst/ann_0/systolic_0/pe05/ab multiplier stage design_2_i/axis_ann_0/inst/ann_0/systolic_0/pe05/ab/P[47:0] is not pipelined (MREG=0). Pipelining the multiplier function will improve performance and will save significant power so it is suggested whenever possible to fully pipeline this function.  If this multiplier was inferred, it is suggested to describe an additional register stage after this function.  If there is no registered adder/accumulator following the multiply function, two pipeline stages are suggested to allow both the MREG and PREG registers to be used.  If the DSP48 was instantiated in the design, it is suggested to set both the MREG and PREG attributes to 1 when performing multiply functions.
Related violations: <none>

DPOP-4#7 Warning
MREG Output pipelining  
DSP design_2_i/axis_ann_0/inst/ann_0/systolic_0/pe10/ab multiplier stage design_2_i/axis_ann_0/inst/ann_0/systolic_0/pe10/ab/P[47:0] is not pipelined (MREG=0). Pipelining the multiplier function will improve performance and will save significant power so it is suggested whenever possible to fully pipeline this function.  If this multiplier was inferred, it is suggested to describe an additional register stage after this function.  If there is no registered adder/accumulator following the multiply function, two pipeline stages are suggested to allow both the MREG and PREG registers to be used.  If the DSP48 was instantiated in the design, it is suggested to set both the MREG and PREG attributes to 1 when performing multiply functions.
Related violations: <none>

DPOP-4#8 Warning
MREG Output pipelining  
DSP design_2_i/axis_ann_0/inst/ann_0/systolic_0/pe11/ab multiplier stage design_2_i/axis_ann_0/inst/ann_0/systolic_0/pe11/ab/P[47:0] is not pipelined (MREG=0). Pipelining the multiplier function will improve performance and will save significant power so it is suggested whenever possible to fully pipeline this function.  If this multiplier was inferred, it is suggested to describe an additional register stage after this function.  If there is no registered adder/accumulator following the multiply function, two pipeline stages are suggested to allow both the MREG and PREG registers to be used.  If the DSP48 was instantiated in the design, it is suggested to set both the MREG and PREG attributes to 1 when performing multiply functions.
Related violations: <none>

DPOP-4#9 Warning
MREG Output pipelining  
DSP design_2_i/axis_ann_0/inst/ann_0/systolic_0/pe12/ab multiplier stage design_2_i/axis_ann_0/inst/ann_0/systolic_0/pe12/ab/P[47:0] is not pipelined (MREG=0). Pipelining the multiplier function will improve performance and will save significant power so it is suggested whenever possible to fully pipeline this function.  If this multiplier was inferred, it is suggested to describe an additional register stage after this function.  If there is no registered adder/accumulator following the multiply function, two pipeline stages are suggested to allow both the MREG and PREG registers to be used.  If the DSP48 was instantiated in the design, it is suggested to set both the MREG and PREG attributes to 1 when performing multiply functions.
Related violations: <none>

DPOP-4#10 Warning
MREG Output pipelining  
DSP design_2_i/axis_ann_0/inst/ann_0/systolic_0/pe13/ab multiplier stage design_2_i/axis_ann_0/inst/ann_0/systolic_0/pe13/ab/P[47:0] is not pipelined (MREG=0). Pipelining the multiplier function will improve performance and will save significant power so it is suggested whenever possible to fully pipeline this function.  If this multiplier was inferred, it is suggested to describe an additional register stage after this function.  If there is no registered adder/accumulator following the multiply function, two pipeline stages are suggested to allow both the MREG and PREG registers to be used.  If the DSP48 was instantiated in the design, it is suggested to set both the MREG and PREG attributes to 1 when performing multiply functions.
Related violations: <none>

DPOP-4#11 Warning
MREG Output pipelining  
DSP design_2_i/axis_ann_0/inst/ann_0/systolic_0/pe14/ab multiplier stage design_2_i/axis_ann_0/inst/ann_0/systolic_0/pe14/ab/P[47:0] is not pipelined (MREG=0). Pipelining the multiplier function will improve performance and will save significant power so it is suggested whenever possible to fully pipeline this function.  If this multiplier was inferred, it is suggested to describe an additional register stage after this function.  If there is no registered adder/accumulator following the multiply function, two pipeline stages are suggested to allow both the MREG and PREG registers to be used.  If the DSP48 was instantiated in the design, it is suggested to set both the MREG and PREG attributes to 1 when performing multiply functions.
Related violations: <none>

DPOP-4#12 Warning
MREG Output pipelining  
DSP design_2_i/axis_ann_0/inst/ann_0/systolic_0/pe15/ab multiplier stage design_2_i/axis_ann_0/inst/ann_0/systolic_0/pe15/ab/P[47:0] is not pipelined (MREG=0). Pipelining the multiplier function will improve performance and will save significant power so it is suggested whenever possible to fully pipeline this function.  If this multiplier was inferred, it is suggested to describe an additional register stage after this function.  If there is no registered adder/accumulator following the multiply function, two pipeline stages are suggested to allow both the MREG and PREG registers to be used.  If the DSP48 was instantiated in the design, it is suggested to set both the MREG and PREG attributes to 1 when performing multiply functions.
Related violations: <none>

DPOP-4#13 Warning
MREG Output pipelining  
DSP design_2_i/axis_ann_0/inst/ann_0/systolic_0/pe20/ab multiplier stage design_2_i/axis_ann_0/inst/ann_0/systolic_0/pe20/ab/P[47:0] is not pipelined (MREG=0). Pipelining the multiplier function will improve performance and will save significant power so it is suggested whenever possible to fully pipeline this function.  If this multiplier was inferred, it is suggested to describe an additional register stage after this function.  If there is no registered adder/accumulator following the multiply function, two pipeline stages are suggested to allow both the MREG and PREG registers to be used.  If the DSP48 was instantiated in the design, it is suggested to set both the MREG and PREG attributes to 1 when performing multiply functions.
Related violations: <none>

DPOP-4#14 Warning
MREG Output pipelining  
DSP design_2_i/axis_ann_0/inst/ann_0/systolic_0/pe21/ab multiplier stage design_2_i/axis_ann_0/inst/ann_0/systolic_0/pe21/ab/P[47:0] is not pipelined (MREG=0). Pipelining the multiplier function will improve performance and will save significant power so it is suggested whenever possible to fully pipeline this function.  If this multiplier was inferred, it is suggested to describe an additional register stage after this function.  If there is no registered adder/accumulator following the multiply function, two pipeline stages are suggested to allow both the MREG and PREG registers to be used.  If the DSP48 was instantiated in the design, it is suggested to set both the MREG and PREG attributes to 1 when performing multiply functions.
Related violations: <none>

DPOP-4#15 Warning
MREG Output pipelining  
DSP design_2_i/axis_ann_0/inst/ann_0/systolic_0/pe22/ab multiplier stage design_2_i/axis_ann_0/inst/ann_0/systolic_0/pe22/ab/P[47:0] is not pipelined (MREG=0). Pipelining the multiplier function will improve performance and will save significant power so it is suggested whenever possible to fully pipeline this function.  If this multiplier was inferred, it is suggested to describe an additional register stage after this function.  If there is no registered adder/accumulator following the multiply function, two pipeline stages are suggested to allow both the MREG and PREG registers to be used.  If the DSP48 was instantiated in the design, it is suggested to set both the MREG and PREG attributes to 1 when performing multiply functions.
Related violations: <none>

DPOP-4#16 Warning
MREG Output pipelining  
DSP design_2_i/axis_ann_0/inst/ann_0/systolic_0/pe23/ab multiplier stage design_2_i/axis_ann_0/inst/ann_0/systolic_0/pe23/ab/P[47:0] is not pipelined (MREG=0). Pipelining the multiplier function will improve performance and will save significant power so it is suggested whenever possible to fully pipeline this function.  If this multiplier was inferred, it is suggested to describe an additional register stage after this function.  If there is no registered adder/accumulator following the multiply function, two pipeline stages are suggested to allow both the MREG and PREG registers to be used.  If the DSP48 was instantiated in the design, it is suggested to set both the MREG and PREG attributes to 1 when performing multiply functions.
Related violations: <none>

DPOP-4#17 Warning
MREG Output pipelining  
DSP design_2_i/axis_ann_0/inst/ann_0/systolic_0/pe24/ab multiplier stage design_2_i/axis_ann_0/inst/ann_0/systolic_0/pe24/ab/P[47:0] is not pipelined (MREG=0). Pipelining the multiplier function will improve performance and will save significant power so it is suggested whenever possible to fully pipeline this function.  If this multiplier was inferred, it is suggested to describe an additional register stage after this function.  If there is no registered adder/accumulator following the multiply function, two pipeline stages are suggested to allow both the MREG and PREG registers to be used.  If the DSP48 was instantiated in the design, it is suggested to set both the MREG and PREG attributes to 1 when performing multiply functions.
Related violations: <none>

DPOP-4#18 Warning
MREG Output pipelining  
DSP design_2_i/axis_ann_0/inst/ann_0/systolic_0/pe25/ab multiplier stage design_2_i/axis_ann_0/inst/ann_0/systolic_0/pe25/ab/P[47:0] is not pipelined (MREG=0). Pipelining the multiplier function will improve performance and will save significant power so it is suggested whenever possible to fully pipeline this function.  If this multiplier was inferred, it is suggested to describe an additional register stage after this function.  If there is no registered adder/accumulator following the multiply function, two pipeline stages are suggested to allow both the MREG and PREG registers to be used.  If the DSP48 was instantiated in the design, it is suggested to set both the MREG and PREG attributes to 1 when performing multiply functions.
Related violations: <none>

DPOP-4#19 Warning
MREG Output pipelining  
DSP design_2_i/axis_ann_0/inst/ann_0/systolic_0/pe30/ab multiplier stage design_2_i/axis_ann_0/inst/ann_0/systolic_0/pe30/ab/P[47:0] is not pipelined (MREG=0). Pipelining the multiplier function will improve performance and will save significant power so it is suggested whenever possible to fully pipeline this function.  If this multiplier was inferred, it is suggested to describe an additional register stage after this function.  If there is no registered adder/accumulator following the multiply function, two pipeline stages are suggested to allow both the MREG and PREG registers to be used.  If the DSP48 was instantiated in the design, it is suggested to set both the MREG and PREG attributes to 1 when performing multiply functions.
Related violations: <none>

DPOP-4#20 Warning
MREG Output pipelining  
DSP design_2_i/axis_ann_0/inst/ann_0/systolic_0/pe31/ab multiplier stage design_2_i/axis_ann_0/inst/ann_0/systolic_0/pe31/ab/P[47:0] is not pipelined (MREG=0). Pipelining the multiplier function will improve performance and will save significant power so it is suggested whenever possible to fully pipeline this function.  If this multiplier was inferred, it is suggested to describe an additional register stage after this function.  If there is no registered adder/accumulator following the multiply function, two pipeline stages are suggested to allow both the MREG and PREG registers to be used.  If the DSP48 was instantiated in the design, it is suggested to set both the MREG and PREG attributes to 1 when performing multiply functions.
Related violations: <none>

DPOP-4#21 Warning
MREG Output pipelining  
DSP design_2_i/axis_ann_0/inst/ann_0/systolic_0/pe32/ab multiplier stage design_2_i/axis_ann_0/inst/ann_0/systolic_0/pe32/ab/P[47:0] is not pipelined (MREG=0). Pipelining the multiplier function will improve performance and will save significant power so it is suggested whenever possible to fully pipeline this function.  If this multiplier was inferred, it is suggested to describe an additional register stage after this function.  If there is no registered adder/accumulator following the multiply function, two pipeline stages are suggested to allow both the MREG and PREG registers to be used.  If the DSP48 was instantiated in the design, it is suggested to set both the MREG and PREG attributes to 1 when performing multiply functions.
Related violations: <none>

DPOP-4#22 Warning
MREG Output pipelining  
DSP design_2_i/axis_ann_0/inst/ann_0/systolic_0/pe33/ab multiplier stage design_2_i/axis_ann_0/inst/ann_0/systolic_0/pe33/ab/P[47:0] is not pipelined (MREG=0). Pipelining the multiplier function will improve performance and will save significant power so it is suggested whenever possible to fully pipeline this function.  If this multiplier was inferred, it is suggested to describe an additional register stage after this function.  If there is no registered adder/accumulator following the multiply function, two pipeline stages are suggested to allow both the MREG and PREG registers to be used.  If the DSP48 was instantiated in the design, it is suggested to set both the MREG and PREG attributes to 1 when performing multiply functions.
Related violations: <none>

DPOP-4#23 Warning
MREG Output pipelining  
DSP design_2_i/axis_ann_0/inst/ann_0/systolic_0/pe34/ab multiplier stage design_2_i/axis_ann_0/inst/ann_0/systolic_0/pe34/ab/P[47:0] is not pipelined (MREG=0). Pipelining the multiplier function will improve performance and will save significant power so it is suggested whenever possible to fully pipeline this function.  If this multiplier was inferred, it is suggested to describe an additional register stage after this function.  If there is no registered adder/accumulator following the multiply function, two pipeline stages are suggested to allow both the MREG and PREG registers to be used.  If the DSP48 was instantiated in the design, it is suggested to set both the MREG and PREG attributes to 1 when performing multiply functions.
Related violations: <none>

DPOP-4#24 Warning
MREG Output pipelining  
DSP design_2_i/axis_ann_0/inst/ann_0/systolic_0/pe35/ab multiplier stage design_2_i/axis_ann_0/inst/ann_0/systolic_0/pe35/ab/P[47:0] is not pipelined (MREG=0). Pipelining the multiplier function will improve performance and will save significant power so it is suggested whenever possible to fully pipeline this function.  If this multiplier was inferred, it is suggested to describe an additional register stage after this function.  If there is no registered adder/accumulator following the multiply function, two pipeline stages are suggested to allow both the MREG and PREG registers to be used.  If the DSP48 was instantiated in the design, it is suggested to set both the MREG and PREG attributes to 1 when performing multiply functions.
Related violations: <none>

DPOP-4#25 Warning
MREG Output pipelining  
DSP design_2_i/axis_ann_0/inst/ann_0/systolic_0/pe40/ab multiplier stage design_2_i/axis_ann_0/inst/ann_0/systolic_0/pe40/ab/P[47:0] is not pipelined (MREG=0). Pipelining the multiplier function will improve performance and will save significant power so it is suggested whenever possible to fully pipeline this function.  If this multiplier was inferred, it is suggested to describe an additional register stage after this function.  If there is no registered adder/accumulator following the multiply function, two pipeline stages are suggested to allow both the MREG and PREG registers to be used.  If the DSP48 was instantiated in the design, it is suggested to set both the MREG and PREG attributes to 1 when performing multiply functions.
Related violations: <none>

DPOP-4#26 Warning
MREG Output pipelining  
DSP design_2_i/axis_ann_0/inst/ann_0/systolic_0/pe41/ab multiplier stage design_2_i/axis_ann_0/inst/ann_0/systolic_0/pe41/ab/P[47:0] is not pipelined (MREG=0). Pipelining the multiplier function will improve performance and will save significant power so it is suggested whenever possible to fully pipeline this function.  If this multiplier was inferred, it is suggested to describe an additional register stage after this function.  If there is no registered adder/accumulator following the multiply function, two pipeline stages are suggested to allow both the MREG and PREG registers to be used.  If the DSP48 was instantiated in the design, it is suggested to set both the MREG and PREG attributes to 1 when performing multiply functions.
Related violations: <none>

DPOP-4#27 Warning
MREG Output pipelining  
DSP design_2_i/axis_ann_0/inst/ann_0/systolic_0/pe42/ab multiplier stage design_2_i/axis_ann_0/inst/ann_0/systolic_0/pe42/ab/P[47:0] is not pipelined (MREG=0). Pipelining the multiplier function will improve performance and will save significant power so it is suggested whenever possible to fully pipeline this function.  If this multiplier was inferred, it is suggested to describe an additional register stage after this function.  If there is no registered adder/accumulator following the multiply function, two pipeline stages are suggested to allow both the MREG and PREG registers to be used.  If the DSP48 was instantiated in the design, it is suggested to set both the MREG and PREG attributes to 1 when performing multiply functions.
Related violations: <none>

DPOP-4#28 Warning
MREG Output pipelining  
DSP design_2_i/axis_ann_0/inst/ann_0/systolic_0/pe43/ab multiplier stage design_2_i/axis_ann_0/inst/ann_0/systolic_0/pe43/ab/P[47:0] is not pipelined (MREG=0). Pipelining the multiplier function will improve performance and will save significant power so it is suggested whenever possible to fully pipeline this function.  If this multiplier was inferred, it is suggested to describe an additional register stage after this function.  If there is no registered adder/accumulator following the multiply function, two pipeline stages are suggested to allow both the MREG and PREG registers to be used.  If the DSP48 was instantiated in the design, it is suggested to set both the MREG and PREG attributes to 1 when performing multiply functions.
Related violations: <none>

DPOP-4#29 Warning
MREG Output pipelining  
DSP design_2_i/axis_ann_0/inst/ann_0/systolic_0/pe44/ab multiplier stage design_2_i/axis_ann_0/inst/ann_0/systolic_0/pe44/ab/P[47:0] is not pipelined (MREG=0). Pipelining the multiplier function will improve performance and will save significant power so it is suggested whenever possible to fully pipeline this function.  If this multiplier was inferred, it is suggested to describe an additional register stage after this function.  If there is no registered adder/accumulator following the multiply function, two pipeline stages are suggested to allow both the MREG and PREG registers to be used.  If the DSP48 was instantiated in the design, it is suggested to set both the MREG and PREG attributes to 1 when performing multiply functions.
Related violations: <none>

DPOP-4#30 Warning
MREG Output pipelining  
DSP design_2_i/axis_ann_0/inst/ann_0/systolic_0/pe45/ab multiplier stage design_2_i/axis_ann_0/inst/ann_0/systolic_0/pe45/ab/P[47:0] is not pipelined (MREG=0). Pipelining the multiplier function will improve performance and will save significant power so it is suggested whenever possible to fully pipeline this function.  If this multiplier was inferred, it is suggested to describe an additional register stage after this function.  If there is no registered adder/accumulator following the multiply function, two pipeline stages are suggested to allow both the MREG and PREG registers to be used.  If the DSP48 was instantiated in the design, it is suggested to set both the MREG and PREG attributes to 1 when performing multiply functions.
Related violations: <none>

DPOP-4#31 Warning
MREG Output pipelining  
DSP design_2_i/axis_ann_0/inst/ann_0/systolic_0/pe50/ab multiplier stage design_2_i/axis_ann_0/inst/ann_0/systolic_0/pe50/ab/P[47:0] is not pipelined (MREG=0). Pipelining the multiplier function will improve performance and will save significant power so it is suggested whenever possible to fully pipeline this function.  If this multiplier was inferred, it is suggested to describe an additional register stage after this function.  If there is no registered adder/accumulator following the multiply function, two pipeline stages are suggested to allow both the MREG and PREG registers to be used.  If the DSP48 was instantiated in the design, it is suggested to set both the MREG and PREG attributes to 1 when performing multiply functions.
Related violations: <none>

DPOP-4#32 Warning
MREG Output pipelining  
DSP design_2_i/axis_ann_0/inst/ann_0/systolic_0/pe51/ab multiplier stage design_2_i/axis_ann_0/inst/ann_0/systolic_0/pe51/ab/P[47:0] is not pipelined (MREG=0). Pipelining the multiplier function will improve performance and will save significant power so it is suggested whenever possible to fully pipeline this function.  If this multiplier was inferred, it is suggested to describe an additional register stage after this function.  If there is no registered adder/accumulator following the multiply function, two pipeline stages are suggested to allow both the MREG and PREG registers to be used.  If the DSP48 was instantiated in the design, it is suggested to set both the MREG and PREG attributes to 1 when performing multiply functions.
Related violations: <none>

DPOP-4#33 Warning
MREG Output pipelining  
DSP design_2_i/axis_ann_0/inst/ann_0/systolic_0/pe52/ab multiplier stage design_2_i/axis_ann_0/inst/ann_0/systolic_0/pe52/ab/P[47:0] is not pipelined (MREG=0). Pipelining the multiplier function will improve performance and will save significant power so it is suggested whenever possible to fully pipeline this function.  If this multiplier was inferred, it is suggested to describe an additional register stage after this function.  If there is no registered adder/accumulator following the multiply function, two pipeline stages are suggested to allow both the MREG and PREG registers to be used.  If the DSP48 was instantiated in the design, it is suggested to set both the MREG and PREG attributes to 1 when performing multiply functions.
Related violations: <none>

DPOP-4#34 Warning
MREG Output pipelining  
DSP design_2_i/axis_ann_0/inst/ann_0/systolic_0/pe53/ab multiplier stage design_2_i/axis_ann_0/inst/ann_0/systolic_0/pe53/ab/P[47:0] is not pipelined (MREG=0). Pipelining the multiplier function will improve performance and will save significant power so it is suggested whenever possible to fully pipeline this function.  If this multiplier was inferred, it is suggested to describe an additional register stage after this function.  If there is no registered adder/accumulator following the multiply function, two pipeline stages are suggested to allow both the MREG and PREG registers to be used.  If the DSP48 was instantiated in the design, it is suggested to set both the MREG and PREG attributes to 1 when performing multiply functions.
Related violations: <none>

DPOP-4#35 Warning
MREG Output pipelining  
DSP design_2_i/axis_ann_0/inst/ann_0/systolic_0/pe54/ab multiplier stage design_2_i/axis_ann_0/inst/ann_0/systolic_0/pe54/ab/P[47:0] is not pipelined (MREG=0). Pipelining the multiplier function will improve performance and will save significant power so it is suggested whenever possible to fully pipeline this function.  If this multiplier was inferred, it is suggested to describe an additional register stage after this function.  If there is no registered adder/accumulator following the multiply function, two pipeline stages are suggested to allow both the MREG and PREG registers to be used.  If the DSP48 was instantiated in the design, it is suggested to set both the MREG and PREG attributes to 1 when performing multiply functions.
Related violations: <none>

DPOP-4#36 Warning
MREG Output pipelining  
DSP design_2_i/axis_ann_0/inst/ann_0/systolic_0/pe55/ab multiplier stage design_2_i/axis_ann_0/inst/ann_0/systolic_0/pe55/ab/P[47:0] is not pipelined (MREG=0). Pipelining the multiplier function will improve performance and will save significant power so it is suggested whenever possible to fully pipeline this function.  If this multiplier was inferred, it is suggested to describe an additional register stage after this function.  If there is no registered adder/accumulator following the multiply function, two pipeline stages are suggested to allow both the MREG and PREG registers to be used.  If the DSP48 was instantiated in the design, it is suggested to set both the MREG and PREG attributes to 1 when performing multiply functions.
Related violations: <none>

REQP-1934#1 Warning
RAMB18E2_nochange_collision_advisory  
Synchronous clocking is detected for BRAM (design_2_i/axi_dma_0/U0/I_PRMRY_DATAMOVER/GEN_MM2S_FULL.I_MM2S_FULL_WRAPPER/GEN_INCLUDE_MM2S_SF.I_RD_SF/I_DATA_FIFO/BLK_MEM.I_SYNC_FIFOGEN_FIFO/xpm_fifo_instance.xpm_fifo_sync_inst/xpm_fifo_base_inst/gen_sdpram.xpm_memory_base_inst/gen_wr_a.gen_word_narrow.mem_reg_2) in SDP mode with NO_CHANGE write-mode. This is the preferred mode for best power characteristics. However, NO_CHANGE may exhibit address collisions if the same address appears on both read and write ports resulting in unknown or corrupted read data. It is suggested to confirm via simulation that an address collision never occurs and if so it is suggested to try and avoid this situation. If address collisions cannot be avoided, the write-mode may be set to READ_FIRST which guarantees that the read data is the prior contents of the memory at the cost of additional power in the design. See the FPGA Memory Resources User Guide for additional information.
Related violations: <none>

REQP-1934#2 Warning
RAMB18E2_nochange_collision_advisory  
Synchronous clocking is detected for BRAM (design_2_i/axi_dma_0/U0/I_PRMRY_DATAMOVER/GEN_S2MM_FULL.I_S2MM_FULL_WRAPPER/GEN_ENABLE_INDET_BTT_SF.I_INDET_BTT/I_DATA_FIFO/BLK_MEM.I_SYNC_FIFOGEN_FIFO/xpm_fifo_instance.xpm_fifo_sync_inst/xpm_fifo_base_inst/gen_sdpram.xpm_memory_base_inst/gen_wr_a.gen_word_narrow.mem_reg_2) in SDP mode with NO_CHANGE write-mode. This is the preferred mode for best power characteristics. However, NO_CHANGE may exhibit address collisions if the same address appears on both read and write ports resulting in unknown or corrupted read data. It is suggested to confirm via simulation that an address collision never occurs and if so it is suggested to try and avoid this situation. If address collisions cannot be avoided, the write-mode may be set to READ_FIRST which guarantees that the read data is the prior contents of the memory at the cost of additional power in the design. See the FPGA Memory Resources User Guide for additional information.
Related violations: <none>

REQP-1935#1 Warning
RAMB36E2_nochange_collision_advisory  
Synchronous clocking is detected for BRAM (design_2_i/axi_dma_0/U0/I_PRMRY_DATAMOVER/GEN_MM2S_FULL.I_MM2S_FULL_WRAPPER/GEN_INCLUDE_MM2S_SF.I_RD_SF/I_DATA_FIFO/BLK_MEM.I_SYNC_FIFOGEN_FIFO/xpm_fifo_instance.xpm_fifo_sync_inst/xpm_fifo_base_inst/gen_sdpram.xpm_memory_base_inst/gen_wr_a.gen_word_narrow.mem_reg_0) in SDP mode with NO_CHANGE write-mode. This is the preferred mode for best power characteristics. However, NO_CHANGE may exhibit address collisions if the same address appears on both read and write ports resulting in unknown or corrupted read data. It is suggested to confirm via simulation that an address collision never occurs and if so it is suggested to try and avoid this situation. If address collisions cannot be avoided, the write-mode may be set to READ_FIRST which guarantees that the read data is the prior contents of the memory at the cost of additional power in the design. See the FPGA Memory Resources User Guide for additional information.
Related violations: <none>

REQP-1935#2 Warning
RAMB36E2_nochange_collision_advisory  
Synchronous clocking is detected for BRAM (design_2_i/axi_dma_0/U0/I_PRMRY_DATAMOVER/GEN_MM2S_FULL.I_MM2S_FULL_WRAPPER/GEN_INCLUDE_MM2S_SF.I_RD_SF/I_DATA_FIFO/BLK_MEM.I_SYNC_FIFOGEN_FIFO/xpm_fifo_instance.xpm_fifo_sync_inst/xpm_fifo_base_inst/gen_sdpram.xpm_memory_base_inst/gen_wr_a.gen_word_narrow.mem_reg_1) in SDP mode with NO_CHANGE write-mode. This is the preferred mode for best power characteristics. However, NO_CHANGE may exhibit address collisions if the same address appears on both read and write ports resulting in unknown or corrupted read data. It is suggested to confirm via simulation that an address collision never occurs and if so it is suggested to try and avoid this situation. If address collisions cannot be avoided, the write-mode may be set to READ_FIRST which guarantees that the read data is the prior contents of the memory at the cost of additional power in the design. See the FPGA Memory Resources User Guide for additional information.
Related violations: <none>

REQP-1935#3 Warning
RAMB36E2_nochange_collision_advisory  
Synchronous clocking is detected for BRAM (design_2_i/axi_dma_0/U0/I_PRMRY_DATAMOVER/GEN_S2MM_FULL.I_S2MM_FULL_WRAPPER/GEN_ENABLE_INDET_BTT_SF.I_INDET_BTT/I_DATA_FIFO/BLK_MEM.I_SYNC_FIFOGEN_FIFO/xpm_fifo_instance.xpm_fifo_sync_inst/xpm_fifo_base_inst/gen_sdpram.xpm_memory_base_inst/gen_wr_a.gen_word_narrow.mem_reg_0) in SDP mode with NO_CHANGE write-mode. This is the preferred mode for best power characteristics. However, NO_CHANGE may exhibit address collisions if the same address appears on both read and write ports resulting in unknown or corrupted read data. It is suggested to confirm via simulation that an address collision never occurs and if so it is suggested to try and avoid this situation. If address collisions cannot be avoided, the write-mode may be set to READ_FIRST which guarantees that the read data is the prior contents of the memory at the cost of additional power in the design. See the FPGA Memory Resources User Guide for additional information.
Related violations: <none>

REQP-1935#4 Warning
RAMB36E2_nochange_collision_advisory  
Synchronous clocking is detected for BRAM (design_2_i/axi_dma_0/U0/I_PRMRY_DATAMOVER/GEN_S2MM_FULL.I_S2MM_FULL_WRAPPER/GEN_ENABLE_INDET_BTT_SF.I_INDET_BTT/I_DATA_FIFO/BLK_MEM.I_SYNC_FIFOGEN_FIFO/xpm_fifo_instance.xpm_fifo_sync_inst/xpm_fifo_base_inst/gen_sdpram.xpm_memory_base_inst/gen_wr_a.gen_word_narrow.mem_reg_1) in SDP mode with NO_CHANGE write-mode. This is the preferred mode for best power characteristics. However, NO_CHANGE may exhibit address collisions if the same address appears on both read and write ports resulting in unknown or corrupted read data. It is suggested to confirm via simulation that an address collision never occurs and if so it is suggested to try and avoid this situation. If address collisions cannot be avoided, the write-mode may be set to READ_FIRST which guarantees that the read data is the prior contents of the memory at the cost of additional power in the design. See the FPGA Memory Resources User Guide for additional information.
Related violations: <none>


